/**
 * This is an automatically generated code snippet to run your query 
 * using the InterMine JavaScript client library and print the results
 * in a table. Install imjs from npm: `npm install imjs`.
 */
var imjs = require('imjs');
var root = 'TEST_SERVICE_ROOT', // The URI of the main service endpoint.
    token = null, // Add your authentication information here.
    conn = imjs.Service.connect({root: root, token: token}),
    query = {
  "orderBy": [{"Gene.primaryIdentifier": "ASC"}],
  "select": [
    "Gene.primaryIdentifier",
    "Gene.secondaryIdentifier",
    "Gene.symbol",
    "Gene.name",
    "Gene.organism.shortName"
  ],
  "where": [{
    "code": "A",
    "op": "IN",
    "path": "Gene",
    "value": "aList"
  }]
};
conn.rows(query).then(function (rows) { rows.forEach(handleRow); });

function handleRow (row) {
    console.log(row); // Add your logic here.
}