#!/usr/bin/env python

# This is an automatically generated script to run your query
# to use it you will require the intermine python client.
# To install the client, run the following command from a terminal:
#
#     sudo easy_install intermine
#
# For further documentation you can visit:
#     http://intermine.readthedocs.org/en/latest/web-services/

# The following two lines will be needed in every python script:
from intermine.webservice import Service
service = Service("TEST_SERVICE_ROOT/service")

template = service.get_template('TEMP_NAME')

# You can edit the constraint values below
# A    Employee.age

rows = template.rows(
    A = {"op": "<", "value": "10"}
)
for row in rows:
    print row["name"]
