/**
 * This is an automatically generated code snippet to run your query 
 * using the InterMine JavaScript client library and print the results
 * in a table. Install imjs from npm: `npm install imjs`.
 */
var imjs = require('imjs');
var root = 'TEST_SERVICE_ROOT', // The URI of the main service endpoint.
    token = null, // Add your authentication information here.
    conn = imjs.Service.connect({root: root, token: token}),
    query = {
  "constraintLogic": "A and B and C and D",
  "name": "TEMP_NAME",
  "select": ["Employee.name"],
  "title": "TEMP_NAME",
  "where": [
    {
      "code": "C",
      "editable": false,
      "op": ">",
      "path": "Employee.age",
      "switchable": false,
      "switched": "LOCKED",
      "value": "10"
    },
    {
      "code": "A",
      "editable": true,
      "op": "IS NULL",
      "path": "Employee.end",
      "switchable": false,
      "switched": "LOCKED",
      "value": "IS NULL"
    },
    {
      "code": "B",
      "editable": true,
      "op": "=",
      "path": "Employee.name",
      "switchable": false,
      "switched": "LOCKED",
      "value": "Foo"
    },
    {
      "code": "D",
      "editable": true,
      "extraValue": "DepartmentA",
      "op": "LOOKUP",
      "path": "Employee",
      "switchable": false,
      "switched": "LOCKED",
      "value": "EmployeeA1"
    }
  ]
};
conn.rows(query).then(function (rows) { rows.forEach(handleRow); });

function handleRow (row) {
    console.log(row); // Add your logic here.
}