# Invalid query.
# ==============
# The code to run this query could not be generated for the following reasons:
#  * This template has no editable constraints
