/**
 * This is an automatically generated code snippet to run your query 
 * using the InterMine JavaScript client library and print the results
 * in a table. Install imjs from npm: `npm install imjs`.
 */
var imjs = require('imjs');
var root = 'TEST_SERVICE_ROOT', // The URI of the main service endpoint.
    token = null, // Add your authentication information here.
    conn = imjs.Service.connect({root: root, token: token}),
    query = {
  "comment": "TEMP_DESC",
  "name": "TEMP_NAME",
  "select": [
    "Employee.name",
    "Employee.age"
  ],
  "title": "TEMP_TITLE",
  "where": [{
    "code": "A",
    "editable": true,
    "ids": [
      1,
      2,
      3,
      4,
      5
    ],
    "op": "NOT IN",
    "path": "Employee",
    "switchable": false,
    "switched": "LOCKED"
  }]
};
conn.rows(query).then(function (rows) { rows.forEach(handleRow); });

function handleRow (row) {
    console.log(row); // Add your logic here.
}