/**
 * Invalid query.
 * =============
 * The java code for this query could not be generated for the following reasons:
 * 1. This query makes use of a feature that is only for internal use (PathConstraintIds)
 **/