[[[{"id":5,"column":"Employee.age","value":30,"class":"Employee","url":"Link for:Employee [address=null, age=30, department=null, departmentThatRejectedMe=null, employmentPeriod=null, end=null, fullTime=false, id=5, name=\"Tim Canterbury\"]"},{"id":5,"column":"Employee.name","value":"Tim Canterbury","class":"Employee","url":"Link for:Employee [address=null, age=30, department=null, departmentThatRejectedMe=null, employmentPeriod=null, end=null, fullTime=false, id=5, name=\"Tim Canterbury\"]"}], ], [[{"id":6,"column":"Employee.age","value":32,"class":"Employee","url":"Link for:Employee [address=null, age=32, department=null, departmentThatRejectedMe=null, employmentPeriod=null, end=null, fullTime=false, id=6, name=\"Gareth Keenan\"]"},{"id":6,"column":"Employee.name","value":"Gareth Keenan","class":"Employee","url":"Link for:Employee [address=null, age=32, department=null, departmentThatRejectedMe=null, employmentPeriod=null, end=null, fullTime=false, id=6, name=\"Gareth Keenan\"]"}], ], [[{"id":7,"column":"Employee.age","value":26,"class":"Employee","url":"Link for:Employee [address=null, age=26, department=null, departmentThatRejectedMe=null, employmentPeriod=null, end=null, fullTime=false, id=7, name=\"Dawn Tinsley\"]"},{"id":7,"column":"Employee.name","value":"Dawn Tinsley","class":"Employee","url":"Link for:Employee [address=null, age=26, department=null, departmentThatRejectedMe=null, employmentPeriod=null, end=null, fullTime=false, id=7, name=\"Dawn Tinsley\"]"}], ], [[{"id":8,"column":"Employee.age","value":41,"class":"Employee","url":"Link for:Employee [address=null, age=41, department=null, departmentThatRejectedMe=null, employmentPeriod=null, end=null, fullTime=false, id=8, name=\"Keith Bishop\"]"},{"id":8,"column":"Employee.name","value":"Keith Bishop","class":"Employee","url":"Link for:Employee [address=null, age=41, department=null, departmentThatRejectedMe=null, employmentPeriod=null, end=null, fullTime=false, id=8, name=\"Keith Bishop\"]"}], ], [[{"id":9,"column":"Employee.age","value":28,"class":"Employee","url":"Link for:Employee [address=null, age=28, department=null, departmentThatRejectedMe=null, employmentPeriod=null, end=null, fullTime=false, id=9, name=\"Lee\"]"},{"id":9,"column":"Employee.name","value":"Lee","class":"Employee","url":"Link for:Employee [address=null, age=28, department=null, departmentThatRejectedMe=null, employmentPeriod=null, end=null, fullTime=false, id=9, name=\"Lee\"]"}]]]
